src/components/ModelRow.tsx(83,44): error TS2345: Argument of type 'string' is not assignable to parameter of type 'CurrencyCode | undefined'.
src/components/ModelRow.tsx(85,40): error TS2345: Argument of type 'string' is not assignable to parameter of type 'CurrencyCode | undefined'.
src/services/api/config.ts(34,14): error TS2741: Property 'ollama' is missing in type '{ openai: { label: string; value: string; }[]; anthropic: { label: string; value: string; }[]; deepseek: { label: string; value: string; }[]; perplexity: ({ label: string; value: string; web: true; } | { label: string; value: string; })[]; openrouter: { ...; }[]; cohere: { ...; }[]; google: { ...; }[]; artificialana...' but required in type 'Record<ProviderKey, { label: string; value: string; web?: boolean | undefined; }[]>'.
